// Jest Snapshot v1, https://goo.gl/fbAQLP

exports[`Test if Rocket render correctly 1`] = `
<div
  className="rocket-container flex-center"
>
  <div
    className="rocket-image"
  >
    <img
      alt="Rocket"
      src="https://imgur.com/DaCfMsj.jpg"
    />
  </div>
  <div
    className="rocket-info"
  >
    <h3
      className="rocket-name"
    >
      Rocket
    </h3>
    <p
      className="description"
    >
      This is the Falcon1 Rocket
    </p>
    <button
      className="reserve-btn clickable"
      id={1}
      onClick={[Function]}
      type="button"
    >
      Reserve Rocket
    </button>
  </div>
</div>
`;

exports[`Test if Rockets renders correctly 1`] = `
<section>
  <div
    className="rockets"
  >
    <ul
      className="rocket-list"
    />
  </div>
</section>
`;